// Jest Snapshot v1, https://goo.gl/fbAQLP

exports[`handler should return a response 1`] = `
{
  "body": "{"message":"Success!"}",
  "headers": {
    "Content-Type": "application/json; charset=utf-8",
  },
  "statusCode": 200,
}
`;
